\BOOKMARK [1][-]{section.1}{Avant-propos}{}% 1
\BOOKMARK [1][-]{section.2}{R\351vision de calcul}{}% 2
\BOOKMARK [2][-]{subsection.2.1}{Calcul \040 1.}{section.2}% 3
\BOOKMARK [2][-]{subsection.2.2}{Calcul \040 2.}{section.2}% 4
\BOOKMARK [2][-]{subsection.2.3}{Calcul \040 3.}{section.2}% 5
\BOOKMARK [2][-]{subsection.2.4}{Calcul \040 4.}{section.2}% 6
\BOOKMARK [2][-]{subsection.2.5}{Calcul \040 5.}{section.2}% 7
\BOOKMARK [2][-]{subsection.2.6}{Calcul \040 6.}{section.2}% 8
\BOOKMARK [2][-]{subsection.2.7}{Calcul \040 7.}{section.2}% 9
\BOOKMARK [2][-]{subsection.2.8}{Calcul \040 8.}{section.2}% 10
\BOOKMARK [2][-]{subsection.2.9}{Calcul \040 9.}{section.2}% 11
\BOOKMARK [2][-]{subsection.2.10}{Calcul \040 10.}{section.2}% 12
\BOOKMARK [2][-]{subsection.2.11}{Calcul \040 11.}{section.2}% 13
\BOOKMARK [2][-]{subsection.2.12}{Calcul \040 12.}{section.2}% 14
\BOOKMARK [2][-]{subsection.2.13}{Calcul \040 13.}{section.2}% 15
\BOOKMARK [2][-]{subsection.2.14}{Calcul \040 14.}{section.2}% 16
\BOOKMARK [2][-]{subsection.2.15}{Calcul \040 15.}{section.2}% 17
\BOOKMARK [2][-]{subsection.2.16}{Calcul \040 16.}{section.2}% 18
\BOOKMARK [2][-]{subsection.2.17}{Calcul \040 17.}{section.2}% 19
\BOOKMARK [2][-]{subsection.2.18}{Calcul \040 18.}{section.2}% 20
\BOOKMARK [2][-]{subsection.2.19}{Calcul \040 19.}{section.2}% 21
\BOOKMARK [2][-]{subsection.2.20}{Calcul \040 20.}{section.2}% 22
\BOOKMARK [2][-]{subsection.2.21}{Calcul \040 21.}{section.2}% 23
\BOOKMARK [2][-]{subsection.2.22}{Calcul \040 22.}{section.2}% 24
\BOOKMARK [2][-]{subsection.2.23}{Calcul \040 23.}{section.2}% 25
\BOOKMARK [2][-]{subsection.2.24}{Calcul \040 24.}{section.2}% 26
\BOOKMARK [2][-]{subsection.2.25}{Calcul \040 25.}{section.2}% 27
\BOOKMARK [2][-]{subsection.2.26}{Calcul \040 26.}{section.2}% 28
\BOOKMARK [2][-]{subsection.2.27}{Calcul \040 27.}{section.2}% 29
\BOOKMARK [2][-]{subsection.2.28}{Calcul \040 28.}{section.2}% 30
\BOOKMARK [2][-]{subsection.2.29}{Calcul \040 29.}{section.2}% 31
\BOOKMARK [2][-]{subsection.2.30}{Calcul \040 30.}{section.2}% 32
\BOOKMARK [2][-]{subsection.2.31}{Calcul \040 31.}{section.2}% 33
\BOOKMARK [2][-]{subsection.2.32}{Calcul \040 32.}{section.2}% 34
\BOOKMARK [2][-]{subsection.2.33}{Calcul \040 33.}{section.2}% 35
\BOOKMARK [2][-]{subsection.2.34}{Calcul \040 34.}{section.2}% 36
\BOOKMARK [2][-]{subsection.2.35}{Calcul \040 35.}{section.2}% 37
\BOOKMARK [2][-]{subsection.2.36}{Calcul \040 36.}{section.2}% 38
\BOOKMARK [2][-]{subsection.2.37}{Calcul \040 37.}{section.2}% 39
\BOOKMARK [2][-]{subsection.2.38}{Calcul \040 38.}{section.2}% 40
\BOOKMARK [2][-]{subsection.2.39}{Calcul \040 39.}{section.2}% 41
\BOOKMARK [2][-]{subsection.2.40}{Calcul \040 40.}{section.2}% 42
\BOOKMARK [2][-]{subsection.2.41}{Calcul \040 41.}{section.2}% 43
\BOOKMARK [2][-]{subsection.2.42}{Calcul \040 42.}{section.2}% 44
\BOOKMARK [2][-]{subsection.2.43}{Calcul \040 43.}{section.2}% 45
\BOOKMARK [2][-]{subsection.2.44}{Calcul \040 44.}{section.2}% 46
\BOOKMARK [2][-]{subsection.2.45}{Calcul \040 45.}{section.2}% 47
\BOOKMARK [2][-]{subsection.2.46}{Calcul \040 46.}{section.2}% 48
\BOOKMARK [2][-]{subsection.2.47}{Calcul \040 47.}{section.2}% 49
\BOOKMARK [2][-]{subsection.2.48}{Calcul \040 48.}{section.2}% 50
\BOOKMARK [2][-]{subsection.2.49}{Calcul \040 49.}{section.2}% 51
\BOOKMARK [2][-]{subsection.2.50}{Calcul \040 50.}{section.2}% 52
\BOOKMARK [2][-]{subsection.2.51}{Calcul \040 51.}{section.2}% 53
\BOOKMARK [2][-]{subsection.2.52}{Calcul \040 52.}{section.2}% 54
\BOOKMARK [2][-]{subsection.2.53}{Calcul \040 53.}{section.2}% 55
\BOOKMARK [2][-]{subsection.2.54}{Calcul \040 54.}{section.2}% 56
\BOOKMARK [2][-]{subsection.2.55}{Calcul \040 55.}{section.2}% 57
\BOOKMARK [2][-]{subsection.2.56}{Calcul \040 56.}{section.2}% 58
\BOOKMARK [2][-]{subsection.2.57}{Calcul \040 57.}{section.2}% 59
\BOOKMARK [2][-]{subsection.2.58}{Calcul \040 58.}{section.2}% 60
\BOOKMARK [2][-]{subsection.2.59}{Calcul \040 59.}{section.2}% 61
\BOOKMARK [2][-]{subsection.2.60}{Calcul \040 60.}{section.2}% 62
\BOOKMARK [2][-]{subsection.2.61}{Calcul \040 61.}{section.2}% 63
\BOOKMARK [2][-]{subsection.2.62}{Calcul \040 62.}{section.2}% 64
\BOOKMARK [2][-]{subsection.2.63}{Calcul \040 63.}{section.2}% 65
\BOOKMARK [2][-]{subsection.2.64}{Calcul \040 64.}{section.2}% 66
\BOOKMARK [2][-]{subsection.2.65}{Calcul \040 65.}{section.2}% 67
\BOOKMARK [2][-]{subsection.2.66}{Calcul \040 66.}{section.2}% 68
\BOOKMARK [2][-]{subsection.2.67}{Calcul \040 67.}{section.2}% 69
\BOOKMARK [2][-]{subsection.2.68}{Calcul \040 68.}{section.2}% 70
\BOOKMARK [2][-]{subsection.2.69}{Calcul \040 69.}{section.2}% 71
\BOOKMARK [2][-]{subsection.2.70}{Calcul \040 70.}{section.2}% 72
\BOOKMARK [2][-]{subsection.2.71}{Calcul \040 71.}{section.2}% 73
\BOOKMARK [2][-]{subsection.2.72}{Calcul \040 72.}{section.2}% 74
\BOOKMARK [2][-]{subsection.2.73}{Calcul \040 73.}{section.2}% 75
\BOOKMARK [2][-]{subsection.2.74}{Calcul \040 74.}{section.2}% 76
\BOOKMARK [2][-]{subsection.2.75}{Calcul \040 75.}{section.2}% 77
\BOOKMARK [2][-]{subsection.2.76}{Calcul \040 76.}{section.2}% 78
\BOOKMARK [2][-]{subsection.2.77}{Calcul \040 77.}{section.2}% 79
\BOOKMARK [2][-]{subsection.2.78}{Calcul \040 78.}{section.2}% 80
\BOOKMARK [2][-]{subsection.2.79}{Calcul \040 79.}{section.2}% 81
\BOOKMARK [2][-]{subsection.2.80}{Calcul \040 80.}{section.2}% 82
\BOOKMARK [2][-]{subsection.2.81}{Calcul \040 81.}{section.2}% 83
\BOOKMARK [2][-]{subsection.2.82}{Calcul \040 82.}{section.2}% 84
\BOOKMARK [2][-]{subsection.2.83}{Calcul \040 83.}{section.2}% 85
\BOOKMARK [2][-]{subsection.2.84}{Calcul \040 84.}{section.2}% 86
\BOOKMARK [2][-]{subsection.2.85}{Calcul \040 85.}{section.2}% 87
\BOOKMARK [2][-]{subsection.2.86}{Calcul \040 86.}{section.2}% 88
\BOOKMARK [2][-]{subsection.2.87}{Calcul \040 87.}{section.2}% 89
\BOOKMARK [2][-]{subsection.2.88}{Calcul \040 88.}{section.2}% 90
\BOOKMARK [2][-]{subsection.2.89}{Calcul \040 89.}{section.2}% 91
\BOOKMARK [2][-]{subsection.2.90}{Calcul \040 90.}{section.2}% 92
\BOOKMARK [2][-]{subsection.2.91}{Calcul \040 91.}{section.2}% 93
\BOOKMARK [2][-]{subsection.2.92}{Calcul \040 92.}{section.2}% 94
\BOOKMARK [2][-]{subsection.2.93}{Calcul \040 93.}{section.2}% 95
\BOOKMARK [2][-]{subsection.2.94}{Calcul \040 94.}{section.2}% 96
\BOOKMARK [2][-]{subsection.2.95}{Calcul \040 95.}{section.2}% 97
\BOOKMARK [2][-]{subsection.2.96}{Calcul \040 96.}{section.2}% 98
\BOOKMARK [2][-]{subsection.2.97}{Calcul \040 97.}{section.2}% 99
\BOOKMARK [2][-]{subsection.2.98}{Calcul \040 98.}{section.2}% 100
\BOOKMARK [2][-]{subsection.2.99}{Calcul \040 99.}{section.2}% 101
\BOOKMARK [2][-]{subsection.2.100}{Calcul \040 100.}{section.2}% 102
\BOOKMARK [2][-]{subsection.2.101}{Calcul \040 101.}{section.2}% 103
\BOOKMARK [2][-]{subsection.2.102}{Calcul \040 102.}{section.2}% 104
\BOOKMARK [2][-]{subsection.2.103}{Calcul \040 103.}{section.2}% 105
\BOOKMARK [2][-]{subsection.2.104}{Calcul \040 104.}{section.2}% 106
\BOOKMARK [2][-]{subsection.2.105}{Calcul \040 105.}{section.2}% 107
\BOOKMARK [2][-]{subsection.2.106}{Calcul \040 106.}{section.2}% 108
\BOOKMARK [2][-]{subsection.2.107}{Calcul \040 107.}{section.2}% 109
\BOOKMARK [2][-]{subsection.2.108}{Calcul \040 108.}{section.2}% 110
\BOOKMARK [1][-]{section.3}{Probl\350mes de r\351flexion plus avanc\351s}{}% 111
\BOOKMARK [2][-]{subsection.3.1}{Probl\350me a}{section.3}% 112
\BOOKMARK [2][-]{subsection.3.2}{Probl\350me b}{section.3}% 113
\BOOKMARK [2][-]{subsection.3.3}{Probl\350me c}{section.3}% 114
\BOOKMARK [2][-]{subsection.3.4}{Probl\350me d}{section.3}% 115
\BOOKMARK [2][-]{subsection.3.5}{Probl\350me e}{section.3}% 116
\BOOKMARK [2][-]{subsection.3.6}{Probl\350me f}{section.3}% 117
\BOOKMARK [2][-]{subsection.3.7}{Probl\350me g}{section.3}% 118
\BOOKMARK [2][-]{subsection.3.8}{Probl\350me h}{section.3}% 119
\BOOKMARK [2][-]{subsection.3.9}{Probl\350me i}{section.3}% 120
\BOOKMARK [2][-]{subsection.3.10}{Probl\350me j}{section.3}% 121
\BOOKMARK [2][-]{subsection.3.11}{Probl\350me k}{section.3}% 122
\BOOKMARK [2][-]{subsection.3.12}{Probl\350me l}{section.3}% 123
\BOOKMARK [2][-]{subsection.3.13}{Probl\350me m}{section.3}% 124
\BOOKMARK [2][-]{subsection.3.14}{Probl\350me n}{section.3}% 125
\BOOKMARK [2][-]{subsection.3.15}{Probl\350me o}{section.3}% 126
\BOOKMARK [2][-]{subsection.3.16}{Probl\350me p}{section.3}% 127
\BOOKMARK [2][-]{subsection.3.17}{Probl\350me q}{section.3}% 128
\BOOKMARK [2][-]{subsection.3.18}{Probl\350me r}{section.3}% 129
\BOOKMARK [2][-]{subsection.3.19}{Probl\350me s}{section.3}% 130
\BOOKMARK [2][-]{subsection.3.20}{Probl\350me t}{section.3}% 131
\BOOKMARK [2][-]{subsection.3.21}{Probl\350me u}{section.3}% 132
\BOOKMARK [2][-]{subsection.3.22}{Probl\350me v}{section.3}% 133
\BOOKMARK [2][-]{subsection.3.23}{Probl\350me w}{section.3}% 134
\BOOKMARK [2][-]{subsection.3.24}{Probl\350me x}{section.3}% 135
\BOOKMARK [2][-]{subsection.3.25}{Probl\350me y}{section.3}% 136
\BOOKMARK [2][-]{subsection.3.26}{Probl\350me z}{section.3}% 137
