\BOOKMARK [-1][-]{part.1}{I Arithm\351tique}{}% 1
\BOOKMARK [0][-]{chapter.1}{Puissances}{part.1}% 2
\BOOKMARK [0][-]{chapter.2}{Nombres premiers}{part.1}% 3
\BOOKMARK [0][-]{chapter.3}{Plus grand commun diviseur - plus petit commun multiple}{part.1}% 4
\BOOKMARK [0][-]{chapter.4}{Application aux fractions}{part.1}% 5
\BOOKMARK [-1][-]{part.2}{II Alg\350bre}{}% 6
\BOOKMARK [0][-]{chapter.5}{Nombres relatifs}{part.2}% 7
\BOOKMARK [0][-]{chapter.6}{Addition des nombres relatifs}{part.2}% 8
\BOOKMARK [0][-]{chapter.7}{Soustraction des nombres relatifs}{part.2}% 9
\BOOKMARK [0][-]{chapter.8}{Produit des nombres relatifs}{part.2}% 10
\BOOKMARK [0][-]{chapter.9}{Division des nombres relatifs}{part.2}% 11
\BOOKMARK [0][-]{chapter.10}{Relation de Chasles}{part.2}% 12
\BOOKMARK [0][-]{chapter.11}{Puissances}{part.2}% 13
\BOOKMARK [0][-]{chapter.12}{In\351galit\351s}{part.2}% 14
\BOOKMARK [0][-]{chapter.13}{Expressions alg\351briques}{part.2}% 15
\BOOKMARK [0][-]{chapter.14}{Polyn\364mes}{part.2}% 16
\BOOKMARK [0][-]{chapter.15}{Multiplication des polyn\364mes}{part.2}% 17
\BOOKMARK [0][-]{chapter.16}{Identit\351s remarquables}{part.2}% 18
\BOOKMARK [0][-]{chapter.17}{Division des mon\364mes et des polyn\364mes}{part.2}% 19
\BOOKMARK [0][-]{chapter.18}{\311quation du premier degr\351 \340 une inconnue}{part.2}% 20
\BOOKMARK [0][-]{chapter.19}{\311quations se ramenant au premier degr\351}{part.2}% 21
\BOOKMARK [0][-]{chapter.20}{Probl\350mes d'alg\350bre}{part.2}% 22
\BOOKMARK [-1][-]{part.3}{III G\351om\351trie}{}% 23
\BOOKMARK [0][-]{chapter.21}{Rappels de d\351finitions}{part.3}% 24
\BOOKMARK [0][-]{chapter.22}{Triangles isoc\350les}{part.3}% 25
\BOOKMARK [0][-]{chapter.23}{Cas d'\351galit\351 des triangles}{part.3}% 26
\BOOKMARK [0][-]{chapter.24}{In\351galit\351s dans le triangle}{part.3}% 27
\BOOKMARK [0][-]{chapter.25}{Perpendiculaires et obliques}{part.3}% 28
\BOOKMARK [0][-]{chapter.26}{Droites parall\350les}{part.3}% 29
\BOOKMARK [0][-]{chapter.27}{Propri\351t\351s angulaires des parall\350les}{part.3}% 30
\BOOKMARK [0][-]{chapter.28}{Somme des angles d'un triangle}{part.3}% 31
